search & index: 0 2 
search: 0 2 
index: 0 1 2 
SQL: 1 
search & index: 0 2 
index & search: 0 2 
SQL: 1 
index: 0 1 2 
SQL & index: 1 
race: 2 
corpus: 1 2 
corpus | race: 1 2 
race: 2 
