gigi: 
doctor & having: 76 
I & hero | life: 0 1 3 27 51 
innocently | that | know & will & it & I & yet: 2 
shall & turn & out & to & be: 0 
happy & Copperfield: 54 
restanta & PL: 
infants & of & either & gender: 1 
looking | fire | called & another: 
be & I: 0 2 3 7 49 51 57 76 91 103 
Miss & Betsey: 6 7 12 13 14 18 19 21 23 24 25 27 30 32 34 37 38 40 42 44 46 47 48 49 52 53 55 57 60 62 64 65 66 67 71 74 91 
